
> movie-locker@0.0.0 test
> vitest


[1m[44m DEV [49m[22m [34mv4.1.2 [39m[90mC:/Users/bello/Documents/BOW VALLEY/REACT SODV1253/Assignment 4/Movie-Locker2.0/Movie-Locker[39m

 [31mΓ¥»[39m src/__tests__/MovieDetailsModal.test.jsx [2m([22m[2m0 test[22m[2m)[22m
 [31mΓ¥»[39m src/__tests__/MovieList.test.jsx [2m([22m[2m0 test[22m[2m)[22m
 [32mΓ£ô[39m src/__tests__/SearchBar.test.jsx [2m([22m[2m1 test[22m[2m)[22m[32m 27[2mms[22m[39m
 [32mΓ£ô[39m src/__tests__/MovieCard.test.jsx [2m([22m[2m2 tests[22m[2m)[22m[32m 44[2mms[22m[39m
node.exe : [90mstderr[2m | src/__tests__/HomePage.test.jsx[2m > 
[22m[2mHomePage Component[2m > [22m[2mrenders Movie Locker header
At line:1 char:1
+ & "C:\Program Files\nodejs/node.exe" "C:\Users\bello\AppData\Roaming\ ...
+ ~~~~~~~~~~~~~~~~~~~~~~~~~~~~~~~~~~~~~~~~~~~~~~~~~~~~~~~~~~~~~~~~~~~~~
    + CategoryInfo          : NotSpecified: ([90mstderr[2m...e Locker header 
   :String) [], RemoteException
    + FullyQualifiedErrorId : NativeCommandError
 
[22m[39mAn update to HomePage inside a test was not wrapped in act(...).

When testing, code that causes React state updates should be wrapped into 
act(...):

act(() => {
  /* fire events that update state */
});
/* assert on the output */

This ensures that you're testing the behavior the user would see in the 
browser. Learn more at https://react.dev/link/wrap-tests-with-act
An update to HomePage inside a test was not wrapped in act(...).

When testing, code that causes React state updates should be wrapped into 
act(...):

act(() => {
  /* fire events that update state */
});
/* assert on the output */

This ensures that you're testing the behavior the user would see in the 
browser. Learn more at https://react.dev/link/wrap-tests-with-act
An update to HomePage inside a test was not wrapped in act(...).

When testing, code that causes React state updates should be wrapped into 
act(...):

act(() => {
  /* fire events that update state */
});
/* assert on the output */

This ensures that you're testing the behavior the user would see in the 
browser. Learn more at https://react.dev/link/wrap-tests-with-act
An update to HomePage inside a test was not wrapped in act(...).

When testing, code that causes React state updates should be wrapped into 
act(...):

act(() => {
  /* fire events that update state */
});
/* assert on the output */

This ensures that you're testing the behavior the user would see in the 
browser. Learn more at https://react.dev/link/wrap-tests-with-act

 [32mΓ£ô[39m src/__tests__/GenreFilter.test.jsx [2m([22m[2m2 tests[22m[2m)[22m[32m 107[2mms[22m[39m
[90mstderr[2m | src/__tests__/HomePage.test.jsx[2m > [22m[2mHomePage 
Component[2m > [22m[2mgenre filter triggers onChange
[22m[39mAn update to HomePage inside a test was not wrapped in act(...).

When testing, code that causes React state updates should be wrapped into 
act(...):

act(() => {
  /* fire events that update state */
});
/* assert on the output */

This ensures that you're testing the behavior the user would see in the 
browser. Learn more at https://react.dev/link/wrap-tests-with-act
An update to HomePage inside a test was not wrapped in act(...).

When testing, code that causes React state updates should be wrapped into 
act(...):

act(() => {
  /* fire events that update state */
});
/* assert on the output */

This ensures that you're testing the behavior the user would see in the 
browser. Learn more at https://react.dev/link/wrap-tests-with-act
An update to HomePage inside a test was not wrapped in act(...).

When testing, code that causes React state updates should be wrapped into 
act(...):

act(() => {
  /* fire events that update state */
});
/* assert on the output */

This ensures that you're testing the behavior the user would see in the 
browser. Learn more at https://react.dev/link/wrap-tests-with-act

 [32mΓ£ô[39m src/__tests__/HomePage.test.jsx [2m([22m[2m6 tests[22m[2m)[22m[32m 187[2mms[22m[39m

[31mΓÄ»ΓÄ»ΓÄ»ΓÄ»ΓÄ»ΓÄ»[39m[1m[41m Failed Suites 2 
[49m[22m[31mΓÄ»ΓÄ»ΓÄ»ΓÄ»ΓÄ»ΓÄ»ΓÄ»[39m

[41m[1m FAIL [22m[49m src/__tests__/MovieDetailsModal.test.jsx[2m [ 
src/__tests__/MovieDetailsModal.test.jsx ][22m
[31m[1mError[22m: Failed to resolve import "@jest/globals" from 
"src/__tests__/MovieDetailsModal.test.jsx". Does the file exist?[39m
  Plugin: [35mvite:import-analysis[39m
  File: [36mC:/Users/bello/Documents/BOW VALLEY/REACT SODV1253/Assignment 4/Mo
vie-Locker2.0/Movie-Locker/src/__tests__/MovieDetailsModal.test.jsx[39m:2:29
[33m  1  |  import { render, screen } from "@testing-library/react";
  2  |  import { test, expect } from "@jest/globals";
     |                                ^
  3  |  import MovieDetailsModal from 
"../api/components/MovieDetailsModal/MovieDetailsModal";
  4  |  var _jsxFileName = "C:/Users/bello/Documents/BOW VALLEY/REACT 
SODV1253/Assignment 4/Movie-Locker2.0/Movie-Locker/src/...[39m
[90m [2mΓ¥»[22m TransformPluginContext._formatLog ../../../../../BOW%20VALLE
Y/REACT%20SODV1253/Assignment%204/Movie-Locker2.0/Movie-Locker/node_modules/vit
e/dist/node/chunks/node.js:[2m30209:39[22m[39m
[90m [2mΓ¥»[22m TransformPluginContext.error ../../../../../BOW%20VALLEY/REA
CT%20SODV1253/Assignment%204/Movie-Locker2.0/Movie-Locker/node_modules/vite/dis
t/node/chunks/node.js:[2m30206:14[22m[39m
[90m [2mΓ¥»[22m normalizeUrl ../../../../../BOW%20VALLEY/REACT%20SODV1253/As
signment%204/Movie-Locker2.0/Movie-Locker/node_modules/vite/dist/node/chunks/no
de.js:[2m27496:18[22m[39m
[90m [2mΓ¥»[22m ../../../../../BOW%20VALLEY/REACT%20SODV1253/Assignment%204/
Movie-Locker2.0/Movie-Locker/node_modules/vite/dist/node/chunks/node.js:[2m275
59:30[22m[39m
[90m [2mΓ¥»[22m TransformPluginContext.transform ../../../../../BOW%20VALLEY
/REACT%20SODV1253/Assignment%204/Movie-Locker2.0/Movie-Locker/node_modules/vite
/dist/node/chunks/node.js:[2m27527:4[22m[39m
[90m [2mΓ¥»[22m EnvironmentPluginContainer.transform ../../../../../BOW%20VA
LLEY/REACT%20SODV1253/Assignment%204/Movie-Locker2.0/Movie-Locker/node_modules/
vite/dist/node/chunks/node.js:[2m29998:14[22m[39m
[90m [2mΓ¥»[22m loadAndTransform ../../../../../BOW%20VALLEY/REACT%20SODV125
3/Assignment%204/Movie-Locker2.0/Movie-Locker/node_modules/vite/dist/node/chunk
s/node.js:[2m24133:26[22m[39m

[31m[2mΓÄ»ΓÄ»ΓÄ»ΓÄ»ΓÄ»ΓÄ»ΓÄ»ΓÄ»ΓÄ»ΓÄ»ΓÄ»ΓÄ»ΓÄ»ΓÄ»ΓÄ»ΓÄ»ΓÄ»ΓÄ»ΓÄ»ΓÄ»ΓÄ»ΓÄ»ΓÄ»Γ
Ä»[1/2]ΓÄ»[22m[39m

[41m[1m FAIL [22m[49m src/__tests__/MovieList.test.jsx[2m [ 
src/__tests__/MovieList.test.jsx ][22m
[31m[1mError[22m: Failed to resolve import "@jest/globals" from 
"src/__tests__/MovieList.test.jsx". Does the file exist?[39m
  Plugin: [35mvite:import-analysis[39m
  File: [36mC:/Users/bello/Documents/BOW VALLEY/REACT SODV1253/Assignment 
4/Movie-Locker2.0/Movie-Locker/src/__tests__/MovieList.test.jsx[39m:2:29
[33m  1  |  import { render, screen } from "@testing-library/react";
  2  |  import { test, expect } from "@jest/globals";
     |                                ^
  3  |  import MovieList from "../api/components/MovieList/MovieList";
  4  |  var _jsxFileName = "C:/Users/bello/Documents/BOW VALLEY/REACT 
SODV1253/Assignment 4/Movie-Locker2.0/Movie-Locker/src/...[39m
[90m [2mΓ¥»[22m TransformPluginContext._formatLog ../../../../../BOW%20VALLE
Y/REACT%20SODV1253/Assignment%204/Movie-Locker2.0/Movie-Locker/node_modules/vit
e/dist/node/chunks/node.js:[2m30209:39[22m[39m
[90m [2mΓ¥»[22m TransformPluginContext.error ../../../../../BOW%20VALLEY/REA
CT%20SODV1253/Assignment%204/Movie-Locker2.0/Movie-Locker/node_modules/vite/dis
t/node/chunks/node.js:[2m30206:14[22m[39m
[90m [2mΓ¥»[22m normalizeUrl ../../../../../BOW%20VALLEY/REACT%20SODV1253/As
signment%204/Movie-Locker2.0/Movie-Locker/node_modules/vite/dist/node/chunks/no
de.js:[2m27496:18[22m[39m
[90m [2mΓ¥»[22m ../../../../../BOW%20VALLEY/REACT%20SODV1253/Assignment%204/
Movie-Locker2.0/Movie-Locker/node_modules/vite/dist/node/chunks/node.js:[2m275
59:30[22m[39m
[90m [2mΓ¥»[22m TransformPluginContext.transform ../../../../../BOW%20VALLEY
/REACT%20SODV1253/Assignment%204/Movie-Locker2.0/Movie-Locker/node_modules/vite
/dist/node/chunks/node.js:[2m27527:4[22m[39m
[90m [2mΓ¥»[22m EnvironmentPluginContainer.transform ../../../../../BOW%20VA
LLEY/REACT%20SODV1253/Assignment%204/Movie-Locker2.0/Movie-Locker/node_modules/
vite/dist/node/chunks/node.js:[2m29998:14[22m[39m
[90m [2mΓ¥»[22m loadAndTransform ../../../../../BOW%20VALLEY/REACT%20SODV125
3/Assignment%204/Movie-Locker2.0/Movie-Locker/node_modules/vite/dist/node/chunk
s/node.js:[2m24133:26[22m[39m

[31m[2mΓÄ»ΓÄ»ΓÄ»ΓÄ»ΓÄ»ΓÄ»ΓÄ»ΓÄ»ΓÄ»ΓÄ»ΓÄ»ΓÄ»ΓÄ»ΓÄ»ΓÄ»ΓÄ»ΓÄ»ΓÄ»ΓÄ»ΓÄ»ΓÄ»ΓÄ»ΓÄ»Γ
Ä»[2/2]ΓÄ»[22m[39m


[2m Test Files [22m [1m[31m2 failed[39m[22m[2m | [22m[1m[32m4 passed[39m[22m[90m (6)[39m
[2m      Tests [22m [1m[32m11 passed[39m[22m[90m (11)[39m
[2m   Start at [22m 01:22:54
[2m   Duration [22m 1.46s[2m (transform 260ms, setup 427ms, import 676ms, tests 365ms, environment 4.89s)[22m

[1m[41m FAIL [49m[22m [31mTests failed. Watching for file changes...[39m
       [2mpress [22m[1mh[22m[2m to show help[22m[2m, [22m[2mpress [22m[1mq[22m[2m to quit[22m
[31mCancelling test run. Press CTRL+c again to exit forcefully.
[39m
